0000: 832e210020    sub [0021], 20
0005: bb0000        mov bx, 0000
0008: cd20          int 20
000a: bb1000        mov bx, 0010
000d: cd20          int 20
000f: 00            (undefined)
