0000: 832e210020    sub [0021], 20
0005: b90000        mov cx, 0000
0008: 89cb          mov bx, cx
000a: cd20          int 20
000c: bb1000        mov bx, 0010
000f: cd20          int 20
0011: 0000          add [bx+si], al
0013: 0000          add [bx+si], al
0015: 0000          add [bx+si], al
0017: 0000          add [bx+si], al
0019: 0000          add [bx+si], al
001b: 0000          add [bx+si], al
001d: 0000          add [bx+si], al
001f: 00            (undefined)
