0000: 55            push bp
0001: 89e5          mov bp, sp
0003: b8e514        mov ax, 14e5
0006: 50            push ax
0007: e80400        call 000e
000a: 5b            pop bx
000b: e9e300        jmp 00f1
000e: 55            push bp
000f: 89e5          mov bp, sp
0011: 56            push si
0012: 57            push di
0013: 8b7e04        mov di, [bp+4]
0016: 09ff          or di, di
0018: 7d05          jnl 001f
001a: b83100        mov ax, 0031
001d: eb03          jmp short 0022
001f: b83000        mov ax, 0030
0022: 50            push ax
0023: e82600        call 004c
0026: 5b            pop bx
0027: 31f6          xor si, si
0029: 83fe05        cmp si, 5
002c: 7d1b          jnl 0049
002e: b90c00        mov cx, 000c
0031: 89fa          mov dx, di
0033: d3fa          sar dx, cl
0035: 81e20700      and dx, 0007
0039: 83c230        add dx, 30
003c: 52            push dx
003d: e80c00        call 004c
0040: 5b            pop bx
0041: b90300        mov cx, 0003
0044: d3e7          shl di, cl
0046: 46            inc si
0047: ebe0          jmp short 0029
0049: e9a300        jmp 00ef
004c: 55            push bp
004d: 89e5          mov bp, sp
004f: b80100        mov ax, 0001
0052: 50            push ax
0053: 8d4604        lea ax, [bp+4]
0056: 50            push ax
0057: b80100        mov ax, 0001
005a: 50            push ax
005b: e80a00        call 0068
005e: 83c406        add sp, 6
0061: 8a4604        mov al, [bp+4]
0064: 98            cbw
0065: e98900        jmp 00f1
0068: e90100        jmp 006c
006b: 005589        add [di-77], dl
006e: e583          in ax, 83
0070: ec            in al, dx
0071: 188b5604      sbb [bp+di+456], cl
0075: 8956ec        mov [bp-14], dx
0078: 8b5608        mov dx, [bp+8]
007b: 8956ee        mov [bp-12], dx
007e: 8b5606        mov dx, [bp+6]
0081: 8956f2        mov [bp-e], dx
0084: 8d46e8        lea ax, [bp-18]
0087: 50            push ax
0088: b80400        mov ax, 0004
008b: 50            push ax
008c: b80100        mov ax, 0001
008f: 50            push ax
0090: e80600        call 0099
0093: 83c406        add sp, 6
0096: e95800        jmp 00f1
0099: 55            push bp
009a: 89e5          mov bp, sp
009c: 56            push si
009d: 57            push di
009e: 8b7608        mov si, [bp+8]
00a1: 8b5606        mov dx, [bp+6]
00a4: 895402        mov [si+2], dx
00a7: 56            push si
00a8: ff7604        push [bp+4]
00ab: e82f00        call 00dd
00ae: 5b            pop bx
00af: 5b            pop bx
00b0: 89c7          mov di, ax
00b2: 09ff          or di, di
00b4: 7403          je 00b9
00b6: 897c02        mov [si+2], di
00b9: 837c0200      cmp [si+2], 0
00bd: 7d0e          jnl 00cd
00bf: 8b5402        mov dx, [si+2]
00c2: f7da          neg dx
00c4: 89160000      mov [0000], dx
00c8: b8ffff        mov ax, ffff
00cb: eb03          jmp short 00d0
00cd: 8b4402        mov ax, [si+2]
00d0: e91c00        jmp 00ef
00d3: b90100        mov cx, 0001
00d6: eb0a          jmp short 00e2
00d8: b90200        mov cx, 0002
00db: eb05          jmp short 00e2
00dd: b90300        mov cx, 0003
00e0: eb00          jmp short 00e2
00e2: 55            push bp
00e3: 89e5          mov bp, sp
00e5: 8b4604        mov ax, [bp+4]
00e8: 8b5e06        mov bx, [bp+6]
00eb: cd20          int 20
00ed: 5d            pop bp
00ee: c3            ret
00ef: 5f            pop di
00f0: 5e            pop si
00f1: 89ec          mov sp, bp
00f3: 5d            pop bp
00f4: c3            ret
00f5: 5e            pop si
00f6: 5f            pop di
00f7: ebf8          jmp short 00f1
00f9: 0000          add [bx+si], al
00fb: 0000          add [bx+si], al
00fd: 0000          add [bx+si], al
00ff: 00            (undefined)
